---
source: src/tui/view.rs
expression: "render(&app, 100, 30)"
---
                                  monk  silence · discipline · flow                                 
                                                                                                    
────────────────────────────────────────────────────────────────────────────────────────────────────
╭ modes ──────────────────────────────────────────────╮╭ details ──────────────────────────────────╮
│▶ 1 ● deepwork  ★                         ready      ││deepwork                                   │
│  2 ● reading  ★                          ready      ││                                           │
│                                                     ││apps       1                               │
│                                                     ││sites      1                               │
│                                                     ││groups     1                               │
│                                                     ││                                           │
│                                                     ││limits                                     │
│                                                     ││max        2h                              │
│                                                     ││  ceiling — even you can't override        │
│                                                     ││min        15m                             │
│                                                     ││  shorter doesn't count as a session       │
│                                                     ││cooldown   30m                             │
│                                                     ││  protects against compulsive restart      │
│                                                     ││daily cap  4h                              │
│                                                     ││  daily focus budget                       │
│                                                     ││                                           │
│                                                     ││today                                      │
│                                                     ││used       45m                             │
│                                                     ││left       3h15                            │
│                                                     ││                                           │
│                                                     ││                                           │
│                                                     ││                                           │
╰─────────────────────────────────────────────────────╯╰───────────────────────────────────────────╯
────────────────────────────────────────────────────────────────────────────────────────────────────
      ↑/↓ · ⏎ start · 1..9 quick · n new · a preset · e edit · c copy · d del · r refresh · esc
