---
source: src/tui/view.rs
expression: "render(&app, 90, 28)"
---
                             monk  silence · discipline · flow                            
                                                                                          
──────────────────────────────────────────────────────────────────────────────────────────
╭ menu ──────────────────────────────────────────╮╭ companion ───────────────────────────╮
│▶   Start session                               ││                    ·  *  ·           │
│    Stop session                                ││                  *       *           │
│    Panic escape                                ││                       ___            │
│    Modes                                       ││                      /   \           │
│    Settings                                    ││                      \___/           │
│    Doctor                                      ││                    __| |__           │
│    Quit                                        ││                   /       \          │
│                                                ││                 /    \    \          │
│                                                ││                |      \    |         │
│                                                ││                |       \   |         │
│                                                ││                 \_________/          │
│                                                ││                (___________)         │
│                                                ││                    ~~~~~~~           │
│                                                ││                                      │
│                                                ││             breathe in …             │
╰────────────────────────────────────────────────╯│                                      │
╭ status ────────────────────────────────────────╮│                                      │
│daemon  running                                 ││                                      │
│session idle                                    ││                                      │
│started `deepwork`                              ││                                      │
╰────────────────────────────────────────────────╯╰──────────────────────────────────────╯
──────────────────────────────────────────────────────────────────────────────────────────
                 ↑/↓ move   ⏎ select   s start   x stop   p panic   q quit
