---
source: src/tui/view.rs
expression: "render(&app, 90, 28)"
---
                             monk  silence · discipline · flow                            
                                                                                          
──────────────────────────────────────────────────────────────────────────────────────────
╭ menu ──────────────────────────────────────────╮╭ companion ───────────────────────────╮
│▶   tui.menu.start                              ││                    . * .             │
│    tui.menu.stop                               ││                   *     *            │
│    tui.menu.panic                              ││                      ___             │
│    tui.menu.modes                              ││                     /   \            │
│    tui.menu.doctor                             ││                   | -.- |            │
│    tui.menu.quit                               ││                     \___/            │
│                                                ││                   __|_|__            │
│                                                ││                  /#######\           │
│                                                ││                /## \_/ ##\           │
│                                                ││               |###########|          │
│                                                ││                \#########/           │
│                                                ││                   ~~~~~~~            │
│                                                ││                                      │
│                                                ││             breathe in …             │
│                                                ││                                      │
╰────────────────────────────────────────────────╯│                                      │
╭ status ────────────────────────────────────────╮│                                      │
│daemon  running                                 ││                                      │
│session idle                                    ││                                      │
│started `deepwork`                              ││                                      │
╰────────────────────────────────────────────────╯╰──────────────────────────────────────╯
──────────────────────────────────────────────────────────────────────────────────────────
                 ↑/↓ move   ⏎ select   s start   x stop   p panic   q quit
