---
source: src/tui/view.rs
expression: "render(&app, 100, 30)"
---
                                  monk  silence · discipline · flow                                 
                                                                                                    
────────────────────────────────────────────────────────────────────────────────────────────────────
                                           start  deepwork                                          
                                                                                                    
                                  ▟▀▜▖▟▀▜▖ ▄  █▀▀ ▟▀▜▖ ▄  ▟▀▜▖▟▀▜▖                                  
                                  █▗█▌█▗█▌ ▀  ▀▀▙ █▗█▌ ▀  █▗█▌█▗█▌                                  
                                  █▛▐▌█▛▐▌ ▄  ▄ █ █▛▐▌ ▄  █▛▐▌█▛▐▌                                  
                                  ▝▀▀ ▝▀▀  ▀  ▝▀▘ ▝▀▀  ▀  ▝▀▀ ▝▀▀                                   
                                                                                                    
                                                                                                    
                                                                                                    
                                                                                                    
       5m  ───────────────────────────────●────────────────────────────────────────────────  2h     
                                                                                                    
                                      soft mode — stop anytime                                      
                                                                                                    
╭ contract ────────────────╮╭ blocked ─────────────────────────────╮╭ usage · 14d ─────────────────╮
│max        2h             ││loading…                              ││loading…                      │
│min        15m            ││                                      ││                              │
│cooldown   30m            ││                                      ││                              │
│daily cap  4h             ││                                      ││                              │
│                          ││                                      ││                              │
│used today 45m            ││                                      ││                              │
│budget left 3h15          ││                                      ││                              │
│                          ││                                      ││                              │
╰──────────────────────────╯╰──────────────────────────────────────╯╰──────────────────────────────╯
────────────────────────────────────────────────────────────────────────────────────────────────────
                          ←/→ duration   shift+H hard   ⏎ start   esc back
