---
source: src/tui/view.rs
expression: "render(&app, 90, 28)"
---
                             monk  silence · discipline · flow                            
                                                                                          
──────────────────────────────────────────────────────────────────────────────────────────
╭ menu ──────────────────────────────────────────╮╭ companion ───────────────────────────╮
│▶   Start session                               ││               ·   *   ·              │
│    Stop session                                ││              *         *             │
│    Panic escape                                ││                  ___                 │
│    Modes             ╭ help ────────────────────────────────────╮ /   \                │
│    Settings          │home                                      │( -.- )               │
│    Doctor            │                                          │ \___/                │
│    Quit              │  ↑/↓ · j/k    navigate menu              │  |_|                 │
│                      │  enter        activate item              │__|_|__               │
│                      │  s · x · p    start · stop · panic       │       \              │
│                      │  c            cancel scheduled panic     │  ___   |             │
│                      │  m            open modes picker          │ /   \  |             │
│                      │  1..9         quick-start mode by slot   │ \___/  |             │
│                      │  ? · F1       toggle help                │       /              │
│                      │  q · esc      quit                       │________\             │
│                      │                                          │_________)            │
╰──────────────────────│                                          │~~~~~~~               │
╭ status ──────────────╰──────────────────────────────────────────╯                      │
│daemon  running                                 ││             breathe in …             │
│session idle                                    ││                                      │
│pick a mode and start a focus session           ││                                      │
╰────────────────────────────────────────────────╯╰──────────────────────────────────────╯
──────────────────────────────────────────────────────────────────────────────────────────
                     ↑/↓ move   ⏎ select   s start   m modes   q quit
