---
source: src/tui/view.rs
expression: "render(&app, 90, 28)"
---
                             monk  silence · discipline · flow                            
                                                                                          
──────────────────────────────────────────────────────────────────────────────────────────
╭ menu ──────────────────────────────────────────╮╭ companion ───────────────────────────╮
│▶   Start session                               ││               ·   *   ·              │
│    Stop session                                ││              *         *             │
│    Panic escape                                ││                  ___                 │
│    Modes                                       ││                 /   \                │
│    Schedules ⏰                                 ││                ( -.- )               │
│    Settings                                    ││                 \___/                │
│    Doctor                                      ││                  |_|                 │
│    Quit                                        ││                __|_|__               │
│                                                ││               /       \              │
│                                                ││              |   ___   |             │
│                                                ││              |  /   \  |             │
│                                                ││              |  \___/  |             │
│                                                ││               \       /              │
│                                                ││              /_________\             │
╰────────────────────────────────────────────────╯│             (___________)            │
╭ status ────────────────────────────────────────╮│                ~~~~~~~               │
│daemon  running                                 ││                                      │
│session idle                                    ││             breathe in …             │
│started `deepwork`                              ││                                      │
│                                                ││                                      │
╰────────────────────────────────────────────────╯╰──────────────────────────────────────╯
──────────────────────────────────────────────────────────────────────────────────────────
 monk v0.0.3         ↑/↓ move   ⏎ select   s start   m modes   q quit
