---
source: src/tui/view.rs
expression: "render(&app, 100, 30)"
---
                                  monk  silence · discipline · flow                                 
                                                                                                    
────────────────────────────────────────────────────────────────────────────────────────────────────
╭ edit mode ──────────────────────────────────────────╮╭ blocked apps ─────────────────────────────╮
│▶ name                                               ││                                           │
│                                                     ││                                           │
│  color           —   blue   cyan   green   amber   v││                                           │
│                                                     ││                                           │
│  max duration                                       ││                                           │
│                                                     ││                                           │
│  min duration                                       ││                                           │
│                                                     ││                                           │
│  cooldown                                           ││                                           │
│                                                     ││                                           │
│  daily cap                                          ││                                           │
│                                                     ││                                           │
│  schedule                                           │╰───────────────────────────────────────────╯
│                                                     │╭ site groups ──────────────────────────────╮
│  custom sites                                       ││                                           │
│                                                     ││                                           │
│  hook before                                        ││                                           │
│                                                     ││                                           │
│  hook after                                         ││                                           │
│                                                     ││                                           │
│mode identifier (1-30 chars)                         ││                                           │
│● unsaved changes                                    ││                                           │
╰─────────────────────────────────────────────────────╯╰───────────────────────────────────────────╯
────────────────────────────────────────────────────────────────────────────────────────────────────
                           tab/shift-tab fields   ctrl+s save   esc cancel
