---
source: src/tui/view.rs
expression: "render(&app, 110, 30)"
---
                                       monk  silence · discipline · flow                                      
                                                                                                              
──────────────────────────────────────────────────────────────────────────────────────────────────────────────
╭ schedules ────────────────────────────────────────────────╮╭ schedule · deepwork ──────────────────────────╮
│▶    deepwork  no schedule                                 ││▶ days                                         │
│       —                                                   ││ Mo   Tu   We   Th   Fr   Sa   Su              │
│                                                           ││                                               │
│                                                           ││  start      09:00                             │
│                                                           ││  end        17:00                             │
│                                                           ││  timezone   local                             │
│                                                           ││  enabled    ON                                │
│                                                           ││                                               │
│                                                           ││←/→ move · space or 1..7 toggle · w weekdays · │
│                                                           ││a daily · n weekend                            │
│                                                           ││tab/↑↓ fields · ⏎ save · esc cancel            │
│                                                           ││                                               │
│                                                           ││                                               │
│                                                           ││                                               │
│                                                           ││                                               │
│                                                           ││                                               │
│                                                           ││                                               │
│                                                           ││                                               │
│                                                           ││                                               │
│                                                           ││                                               │
│                                                           ││                                               │
│                                                           ││                                               │
╰───────────────────────────────────────────────────────────╯╰───────────────────────────────────────────────╯
──────────────────────────────────────────────────────────────────────────────────────────────────────────────
 monk v0.1.0                   ↑/↓ move   ⏎ select   s start   m modes   q quit
