---
source: src/tui/view.rs
expression: "render(&app, 100, 30)"
---
                                  monk  silence · discipline · flow                                 
                                                                                                    
────────────────────────────────────────────────────────────────────────────────────────────────────
                                           start  deepwork                                          
                                                                                                    
                                  ▟▀▜▖▟▀▜▖ ▄  █▀▀ ▟▀▜▖ ▄  ▟▀▜▖▟▀▜▖                                  
                                  █▗█▌█▗█▌ ▀  ▀▀▙ █▗█▌ ▀  █▗█▌█▗█▌                                  
                                  █▛▐▌█▛▐▌ ▄  ▄ █ █▛▐▌ ▄  █▛▐▌█▛▐▌                                  
                                  ▝▀▀ ▝▀▀  ▀  ▝▀▘ ▝▀▀  ▀  ▝▀▀ ▝▀▀                                   
                                                                                                    
                                                                                                    
                                                                                                    
                                                                                                    
       5m  ───────────────────────────────●────────────────────────────────────────────────  2h     
                                                                                                    
                                      soft mode — stop anytime                                      
                                                                                                    
╭ contract ────────────────────────────────────────────────────────────────────────────────────────╮
│contract                                                                                          │
│max        2h                                                                                     │
│min        15m                                                                                    │
│cooldown   30m                                                                                    │
│daily cap  4h                                                                                     │
│                                                                                                  │
│used today 45m                                                                                    │
│blocks     1 apps · 1 sites · 1 groups                                                            │
╰──────────────────────────────────────────────────────────────────────────────────────────────────╯
────────────────────────────────────────────────────────────────────────────────────────────────────
                          ←/→ duration   shift+H hard   ⏎ start   esc back
