---
source: src/tui/view.rs
expression: "render(&app, 110, 30)"
---
                                       monk  silence · discipline · flow                                      
                                                                                                              
──────────────────────────────────────────────────────────────────────────────────────────────────────────────
╭ schedules ────────────────────────────────────────────────╮╭ details ──────────────────────────────────────╮
│▶    deepwork  off                                         ││deepwork                                       │
│       Mo,Tu,We,Th,Fr 09:00–17:00 (off)                    ││                                               │
│     reading  no schedule                                  ││⏰  Mo,Tu,We,Th,Fr 09:00–17:00 (off)            │
│       —                                                   ││tz: local (this laptop)                        │
│                                                           ││                                               │
│                                                           ││                                               │
│                                                           ││space on/off · ⏎ edit · d remove · esc back    │
│                                                           ││                                               │
│                                                           ││                                               │
│                                                           ││                                               │
│                                                           ││                                               │
│                                                           ││                                               │
│                                                           ││                                               │
│                                                           ││                                               │
│                                                           ││                                               │
│                                                           ││                                               │
│                                                           ││                                               │
│                                                           ││                                               │
│                                                           ││                                               │
│                                                           ││                                               │
│                                                           ││                                               │
│                                                           ││                                               │
╰───────────────────────────────────────────────────────────╯╰───────────────────────────────────────────────╯
──────────────────────────────────────────────────────────────────────────────────────────────────────────────
 monk v0.3.1                   ↑/↓ move   ⏎ select   s start   m modes   q quit
