---
source: src/tui/view.rs
expression: "render(&app, 90, 28)"
---
                             monk  silence · discipline · flow                            
                                                                                          
──────────────────────────────────────────────────────────────────────────────────────────
╭ menu ──────────────────────────────────────────╮╭ companion ───────────────────────────╮
│▶   Start session                               ││                    . * .             │
│    Stop session                                ││                   *     *            │
│    Panic escape                                ││                      ___             │
│    Modes             ╭ help ────────────────────────────────────╮     /   \            │
│    Settings          │home                                      │   | -.- |            │
│    Doctor            │                                          │     \___/            │
│    Quit              │  ↑/↓ · j/k    navigate menu              │   __|_|__            │
│                      │  enter        activate item              │  /#######\           │
│                      │  s · x · p    start · stop · panic       │/## \_/ ##\           │
│                      │  m            open modes picker          │###########|          │
│                      │  1..9         quick-start mode by slot   │\#########/           │
│                      │  ?            toggle help                │   ~~~~~~~            │
│                      │  q · esc      quit                       │                      │
│                      │                                          │athe in …             │
│                      │                                          │                      │
╰──────────────────────╰──────────────────────────────────────────╯                      │
╭ status ────────────────────────────────────────╮│                                      │
│daemon  running                                 ││                                      │
│session idle                                    ││                                      │
│begin a focus session with the default mode     ││                                      │
╰────────────────────────────────────────────────╯╰──────────────────────────────────────╯
──────────────────────────────────────────────────────────────────────────────────────────
                 ↑/↓ move   ⏎ select   s start   x stop   p panic   q quit
